// Jest Snapshot v1, https://goo.gl/fbAQLP

exports[`app/ghostery-browser-hub/Views/OnboardingViews/StepProgressBar/StepProgressBar.test.jsx Shallow snapshot tests rendered with Enzyme StepProgressBar View step 0 1`] = `ShallowWrapper {}`;

exports[`app/ghostery-browser-hub/Views/OnboardingViews/StepProgressBar/StepProgressBar.test.jsx Shallow snapshot tests rendered with Enzyme StepProgressBar View step 1 1`] = `ShallowWrapper {}`;

exports[`app/ghostery-browser-hub/Views/OnboardingViews/StepProgressBar/StepProgressBar.test.jsx Shallow snapshot tests rendered with Enzyme StepProgressBar View step 2 1`] = `ShallowWrapper {}`;

exports[`app/ghostery-browser-hub/Views/OnboardingViews/StepProgressBar/StepProgressBar.test.jsx Shallow snapshot tests rendered with Enzyme StepProgressBar View step 4 1`] = `ShallowWrapper {}`;

exports[`app/ghostery-browser-hub/Views/OnboardingViews/StepProgressBar/StepProgressBar.test.jsx Shallow snapshot tests rendered with Enzyme StepProgressBar View step 5 1`] = `ShallowWrapper {}`;

exports[`app/ghostery-browser-hub/Views/OnboardingViews/StepProgressBar/StepProgressBar.test.jsx Snapshot tests with react-test-renderer StepProgressBar is rendered correctly 1`] = `
<div
  className="StepProgressBarContainer"
>
  <div
    className="StepProgressBar__column"
  >
    <a
      aria-current={null}
      href="/onboarding/1"
      onClick={[Function]}
    >
      <div
        className="StepProgressBar__label current"
      >
        sign_in
      </div>
      <div
        className="StepProgressBar__Step current step-1"
      />
    </a>
  </div>
  <div
    className="StepProgressBar__line incompleted"
  />
  <div
    className="StepProgressBar__column"
  >
    <div
      className="StepProgressBar__label"
    >
      ghostery_browser_hub_onboarding_privacy
    </div>
    <div
      className="StepProgressBar__Step incomplete step-2"
    />
  </div>
  <div
    className="StepProgressBar__line incompleted"
  />
  <div
    className="StepProgressBar__column"
  >
    <div
      className="StepProgressBar__label"
    >
      ghostery_browser_hub_onboarding_search
    </div>
    <div
      className="StepProgressBar__Step incomplete step-3"
    />
  </div>
  <div
    className="StepProgressBar__line incompleted"
  />
  <div
    className="StepProgressBar__column"
  >
    <div
      className="StepProgressBar__label"
    >
      ghostery_browser_hub_onboarding_plan
    </div>
    <div
      className="StepProgressBar__Step incomplete step-4"
    />
  </div>
</div>
`;
