// Jest Snapshot v1, https://goo.gl/fbAQLP

exports[`app/hub/Views/Step1_LoginForm component Snapshot tests with react-test-renderer Login Form view is rendered correctly 1`] = `
<form
  className="Step1_LogInForm"
  onSubmit={[Function]}
>
  <div
    className="Step1_LogInForm__item row align-center-middle"
  >
    <div
      className="columns small-12"
    >
      <label
        className="Step1_LogInForm__inputLabel"
        htmlFor="login-email"
      >
        email_colon
      </label>
      <input
        autoComplete="off"
        className="Step1_LogInForm__inputBox"
        id="login-email"
        name="email"
        onChange={[Function]}
        pattern=".{1,}"
        placeholder="example@mail.com"
        type="text"
        value=""
      />
    </div>
  </div>
  <div
    className="Step1_LogInForm__item row align-center-middle"
  >
    <div
      className="columns small-12"
    >
      <label
        className="Step1_LogInForm__inputLabel"
        htmlFor="login-password"
      >
        password_colon
      </label>
      <input
        className="Step1_LogInForm__inputBox"
        id="login-password"
        name="password"
        onChange={[Function]}
        pattern=".{1,}"
        type="password"
        value=""
      />
    </div>
  </div>
  <div
    className="Step1_LogInForm__item row align-center-middle"
  >
    <div
      className="columns small-12"
    >
      <span
        className="Step1_LogInForm__link"
      >
        <div
          className="Step1_LogInForm__forgotPassword"
          onClick={[Function]}
        >
          forgot_password
        </div>
      </span>
    </div>
  </div>
  <div
    className="Step1_LogInForm__ctaButtonContainer"
  >
    <button
      className="Step1_LogInForm__ctaButton"
      type="submit"
    >
      sign_in
    </button>
  </div>
</form>
`;
