// Jest Snapshot v1, https://goo.gl/fbAQLP

exports[`app/hub/Views/TutorialViews/TutorialLayoutView component Snapshot tests with react-test-renderer tutorial layout view is rendered correctly 1`] = `
<div
  className="TutorialLayoutView TutorialView--mediumFlexColumn row align-center-middle flex-container"
>
  <div
    className="columns small-10 medium-8 large-6 small-offset-1"
  >
    <img
      alt="hub_tutorial_simple_view"
      className="TutorialLayoutView__image layout-simple"
      src="/app/images/hub/tutorial/layout-simple.png"
    />
    <img
      alt="hub_tutorial_detailed_view"
      className="TutorialLayoutView__image layout-detailed"
      src="/app/images/hub/tutorial/layout-detailed.png"
    />
  </div>
  <div
    className="columns small-10 medium-6 large-4"
  >
    <div
      className="TutorialView__title"
    >
      hub_tutorial_layout_title
    </div>
    <div
      className="TutorialView__tagline"
    >
      hub_tutorial_layout_tagline
    </div>
  </div>
</div>
`;
