// Jest Snapshot v1, https://goo.gl/fbAQLP

exports[`app/ghostery-browser-hub/Views/OnboardingViews/Step0_SuccessView/SuccessView.test.jsx Snapshot tests with react-test-renderer Welcome View is rendered correctly 1`] = `
<div
  className="SuccessView__container"
>
  <div
    className="SuccessView__title"
  >
    ghostery_browser_hub_onboarding_youve_successfully_set_up_your_browser
  </div>
  <div
    className="SuccessView__subtitle"
  >
    ghostery_browser_hub_onboarding_surf_with_ease
  </div>
  <img
    className="SuccessView__ghosterySuite"
    src="/app/images/hub/success/ghostery-suite.png"
  />
  <button
    className="SuccessView__ctaButton"
    onClick={[Function]}
    type="button"
  >
    ghostery_browser_hub_onboarding_lets_search
  </button>
</div>
`;
