// Jest Snapshot v1, https://goo.gl/fbAQLP

exports[`app/dawn-hub/Views/OnboardingViews/Step4_ChoosePlanView/ChoosePlanView.test.jsx Shallow snapshot tests rendered with Enzyme ChoosePlanView View with basic user logged in 1`] = `ShallowWrapper {}`;

exports[`app/dawn-hub/Views/OnboardingViews/Step4_ChoosePlanView/ChoosePlanView.test.jsx Shallow snapshot tests rendered with Enzyme ChoosePlanView View with plus user logged in 1`] = `ShallowWrapper {}`;

exports[`app/dawn-hub/Views/OnboardingViews/Step4_ChoosePlanView/ChoosePlanView.test.jsx Shallow snapshot tests rendered with Enzyme ChoosePlanView View with premium user logged in 1`] = `ShallowWrapper {}`;

exports[`app/dawn-hub/Views/OnboardingViews/Step4_ChoosePlanView/ChoosePlanView.test.jsx Shallow snapshot tests rendered with Enzyme ChoosePlanView View with user not logged in 1`] = `ShallowWrapper {}`;

exports[`app/dawn-hub/Views/OnboardingViews/Step4_ChoosePlanView/ChoosePlanView.test.jsx Snapshot tests with react-test-renderer ChoosePlanView is rendered correctly 1`] = `null`;
