// Jest Snapshot v1, https://goo.gl/fbAQLP

exports[`app/panel/components/Help.jsx Snapshot tests with react-test-renderer Help panel is rendered correctly 1`] = `
<div
  id="content-help"
>
  <div
    className="row"
  >
    <div
      className="small-12 columns"
    >
      <h1>
        panel_help_panel_header
      </h1>
      <div
        className="support-section"
      >
        <a
          href="#"
          onClick={[Function]}
        >
          panel_help_setup
        </a>
      </div>
      <div
        className="support-section"
      >
        <h3>
          panel_help_questions_header
        </h3>
        <a
          className=""
          href="https://www.ghostery.com/faqs/"
        >
          panel_help_faq
        </a>
        <a
          className=""
          href="https://www.ghostery.com/survey/in-app"
        >
          panel_help_feedback
        </a>
        <a
          href="#"
          onClick={[Function]}
        >
          support
        </a>
      </div>
      <div
        className="support-section"
      >
        <h3>
          panel_help_contact_header
        </h3>
        <a
          className="info"
          href="mailto:info@ghostery.com"
          rel="noopener noreferrer"
          target="_blank"
        >
          info@ghostery.com
        </a>
      </div>
    </div>
  </div>
</div>
`;
