// Jest Snapshot v1, https://goo.gl/fbAQLP

exports[`app/dawn-hub/Views/OnboardingViews/Step0_WelcomeView/WelcomeView.test.jsx Snapshot tests with react-test-renderer Welcome View is rendered correctly 1`] = `
<div
  className="WelcomeView__container"
>
  <div
    className="WelcomeView__title"
  >
    ghostery_dawn_onboarding_welcome
  </div>
  <div
    className="WelcomeView__subtitle"
  >
    ghostery_dawn_onboarding_welcome_message
  </div>
  <img
    className="WelcomeView__rocketShip"
    src="/app/images/hub/welcome/rocketShip.png"
  />
  <a
    aria-current="page"
    className="WelcomeView__ctaButton active"
    href="/"
    onClick={[Function]}
    style={Object {}}
  >
    <span>
      ghostery_dawn_onboarding_lets_do_this
    </span>
  </a>
</div>
`;
