// Jest Snapshot v1, https://goo.gl/fbAQLP

exports[`app/dawn-hub/Views/OnboardingViews/Step4_ChoosePlanView/ChoosePlanView.test.jsx Shallow snapshot tests rendered with Enzyme ChoosePlanView View with basic user logged in 1`] = `ShallowWrapper {}`;

exports[`app/dawn-hub/Views/OnboardingViews/Step4_ChoosePlanView/ChoosePlanView.test.jsx Shallow snapshot tests rendered with Enzyme ChoosePlanView View with plus user logged in 1`] = `ShallowWrapper {}`;

exports[`app/dawn-hub/Views/OnboardingViews/Step4_ChoosePlanView/ChoosePlanView.test.jsx Shallow snapshot tests rendered with Enzyme ChoosePlanView View with premium user logged in 1`] = `ShallowWrapper {}`;

exports[`app/dawn-hub/Views/OnboardingViews/Step4_ChoosePlanView/ChoosePlanView.test.jsx Shallow snapshot tests rendered with Enzyme ChoosePlanView View with user not logged in 1`] = `ShallowWrapper {}`;

exports[`app/dawn-hub/Views/OnboardingViews/Step4_ChoosePlanView/ChoosePlanView.test.jsx Snapshot tests with react-test-renderer ChoosePlanView is rendered correctly 1`] = `
Array [
  <div
    className="ChoosePlanView__relativeContainer"
  >
    <div
      className="ChoosePlanView__backContainer"
    >
      <span
        className="ChoosePlanView__caret left"
      />
      <a
        aria-current={null}
        href="/onboarding/3"
        onClick={[Function]}
      >
        <span
          className="ChoosePlanView__back"
        >
          ghostery_dawn_onboarding_back
        </span>
      </a>
    </div>
  </div>,
  <div
    className="ChoosePlanView"
  >
    <div
      className="ChoosePlanView__yourPrivacyPlan"
    >
      ghostery_dawn_onboarding_your_privacy_plan
    </div>
    <div
      className="ChoosePlanView__subtitle"
    >
      ghostery_dawn_onboarding_based_on_your_privacy_preferences
    </div>
    <div
      className="ChoosePlanView__searchPromoContainer"
    >
      <div
        className="ChoosePlanView__searchLogo"
      />
      <div
        className="ChoosePlanView__adFree"
      >
        ghostery_dawn_onboarding_ad_free_with_ghostery_plus_subscription
      </div>
      <div
        className="ChoosePlanView__adFreePromo"
      >
        (ghostery_dawn_onboarding_ad_free_promo)
      </div>
      <div
        className="ChoosePlanView__adFreePromoDescription"
      >
        ghostery_dawn_onboarding_ad_free_promo_description
      </div>
    </div>
    <div
      className="ChoosePlanView__searchCTAButtonContainer"
    >
      <a
        className="ChoosePlanView__searchCTAButton"
        href="https://staging.glowstery.com/account?utm_source=dawn&utm_medium=introhub&utm_campaign=onboarding"
        onClick={[Function]}
        rel="noreferrer"
        target="_blank"
      >
        ghostery_dawn_onboarding_start_trial
      </a>
    </div>
    <div
      className="ChoosePlanView__seeAllPlans"
      onClick={[Function]}
    >
      ghostery_dawn_onboarding_see_all_plans
    </div>
    <div
      className="ChoosePlanView__arrow up"
      onClick={[Function]}
    />
  </div>,
]
`;
