// Jest Snapshot v1, https://goo.gl/fbAQLP

exports[`app/hub/Views/SupporterView component Snapshot tests with react-test-renderer rewards view is rendered correctly 1`] = `
<div
  className="SupporterView full-height"
>
  <div
    className="SupporterView__header row align-center SupporterView--paddingTopSmall"
  >
    <div
      className="columns"
    >
      <div
        className="SupporterView__headerImage"
      />
      <div
        className="SupporterView__title SupporterView--centeredText"
      >
        hub_supporter_header_title
      </div>
      <div
        className="SupporterView__description SupporterView--centeredText"
      >
        hub_supporter_header_description
      </div>
      <div
        className="row align-center-middle"
      >
        <div
          className="button"
        >
          hub_supporter_button_text
        </div>
        <span
          className="SupporterView__priceTag"
        >
          <sup>
            $
          </sup>
          2
        </span>
        <span
          className="SupporterView__priceTagFrequency"
        >
          per month
        </span>
      </div>
    </div>
  </div>
  <div
    className="SupporterView--paddingTopSmall row align-center"
  >
    <div
      className="SupporterView__perkFeature columns"
    >
      <div
        className="SupporterView__perkIconThemes"
      />
      <div
        className="SupporterView__perkTitle"
      >
        hub_supporter_perk_themes_title
      </div>
      <div
        className="SupporterView__perkDescription"
      >
        hub_supporter_perk_themes_description
      </div>
    </div>
    <div
      className="SupporterView__perkFeature columns"
    >
      <div
        className="SupporterView__perkIconPriority"
      />
      <div
        className="SupporterView__perkTitle"
      >
        hub_supporter_perk_priority_title
      </div>
      <div
        className="SupporterView__perkDescription"
      >
        hub_supporter_perk_priority_description
      </div>
    </div>
    <div
      className="SupporterView__perkFeature columns"
    >
      <div
        className="SupporterView__perkIconMore"
      />
      <div
        className="SupporterView__perkTitle"
      >
        hub_supporter_perk_more_title
      </div>
      <div
        className="SupporterView__perkDescription"
      >
        hub_supporter_perk_more_description
      </div>
    </div>
  </div>
  <div
    className="SupporterView__manifesto row expanded SupporterView--marginTop align-center-middle"
  >
    <div
      className="SupporterView__manifestoText"
    >
      hub_supporter_manifesto
    </div>
  </div>
  <div
    className="SupporterView__themes row SupporterView--marginTop align-middle"
  >
    <div
      className="SupporterView__themesText columns"
    >
      <div
        className="SupporterView__title"
      >
        hub_supporter_themes_title
      </div>
      <div
        className="SupporterView__description"
      >
        hub_supporter_themes_description
      </div>
      <div
        className="button"
      >
        hub_supporter_button_text
      </div>
    </div>
    <div
      className="columns"
    >
      <img
        className="SupporterView__themesScreenshots"
        src="/app/images/hub/supporter/screenshot.png"
      />
    </div>
  </div>
  <div
    className="SupporterView__priority SupporterView--marginTop row expanded"
  >
    <div
      className="row align-center-middle"
    >
      <div
        className="SupporterView__priorityIcon columns"
      />
      <div
        className="SupporterView__priorityText columns"
      >
        <div
          className="SupporterView__title row"
        >
          hub_supporter_priority_title
        </div>
        <div
          className="SupporterView__description row"
        >
          hub_supporter_priority_description
        </div>
        <div
          className="button row"
        >
          hub_supporter_button_text
        </div>
      </div>
    </div>
  </div>
  <div
    className="SupporterView__manyMore row align-center"
  >
    <div
      className="SupporterView__manyMoreText columns"
    >
      <div
        className="SupporterView__title SupporterView--centeredText"
      >
        hub_supporter_more_title
      </div>
      <div
        className="SupporterView__description SupporterView--centeredText"
      >
        hub_supporter_more_description
      </div>
      <div
        className="SupporterView__manyMoreIcon"
      />
    </div>
  </div>
  <div
    className="SupporterView__footer row align-center-middle SupporterView--paddingTopSmall"
  >
    <div
      className="SupporterView__footerLine columns"
    />
    <div
      className="SupporterView__buttonContainer columns"
    >
      <div
        className="button"
      >
        hub_supporter_button_text
      </div>
    </div>
    <div
      className="SupporterView__footerLine columns"
    />
  </div>
</div>
`;
